// Jest Snapshot v1, https://goo.gl/fbAQLP

exports[`Component: App should render App 1`] = `
<DocumentFragment>
  <header
    class="header"
  >
    <h1>
      sneakers. 
      <span>
        [
      </span>
       
      <a
        href="https://optimax.dev"
        rel="noreferrer"
        target="_blank"
      >
        https://optimax.dev
      </a>
       
      <span
        class="last-span"
      >
        ]
      </span>
    </h1>
    <nav
      class="header-menu"
    >
      <ul>
        <li>
          <a
            aria-current="page"
            class="active"
            href="/"
            style="color: rgb(83, 181, 170);"
          >
            Main
          </a>
        </li>
        <li>
          <a
            class=""
            href="/cart"
          >
            Cart
          </a>
        </li>
      </ul>
    </nav>
  </header>
  <main
    class="main-page"
  >
    <div
      class="container"
    >
      <svg
        class="spinner"
        height="200"
        preserveAspectRatio="xMidYMid"
        viewBox="0 0 100 100"
        width="200"
      >
        <path
          d="M24.3 30C11.4 30 5 43.3 5 50s6.4 20 19.3 20c19.3 0 32.1-40 51.4-40 C88.6 30 95 43.3 95 50s-6.4 20-19.3 20C56.4 70 43.6 30 24.3 30z"
          fill="none"
          stroke="#53b5aa"
          stroke-dasharray="42.76482137044271 42.76482137044271"
          stroke-linecap="round"
          stroke-width="8"
        >
          <animate
            attributeName="stroke-dashoffset"
            dur="1s"
            keyTimes="0;1"
            repeatCount="indefinite"
            values="0;256.58892822265625"
          />
        </path>
      </svg>
    </div>
  </main>
</DocumentFragment>
`;
