// Jest Snapshot v1, https://goo.gl/fbAQLP

exports[`Component: Checkout should render Checkout 1`] = `
<DocumentFragment>
  <section
    class="checkout"
  >
    <h2>
      Total: 0.00 $
    </h2>
    <button>
      Checkout
    </button>
  </section>
</DocumentFragment>
`;
